// Jest Snapshot v1, https://goo.gl/fbAQLP

exports[`getAllSvgIcons with input {"features.common.marker-icons":{"markers":{"ids":["atm","bank","cafe"],"entities":{"atm":{"id":"atm","content":"<svg><path id=\\"icon\\" fill=\\"#7C7CF0\\"></path></svg>"},"bank":{"id":"bank","content":"<svg><path id=\\"icon\\" fill=\\"#7C7CF0\\"></path></svg>"},"cafe":{"id":"cafe","content":"<svg><path id=\\"icon\\" fill=\\"#7C7CF0\\"></path></svg>"}}},"icons":{"ids":["atm","bank"],"entities":{"atm":{"id":"atm","content":"<svg><path id=\\"icon\\" fill=\\"#7C7CF0\\"></path></svg>"},"bank":{"id":"bank","content":"<svg><path id=\\"icon\\" fill=\\"#7C7CF0\\"></path></svg>"}}}}} 1`] = `
Array [
  Object {
    "content": "<svg><path id=\\"icon\\" fill=\\"#7C7CF0\\"></path></svg>",
    "id": "atm",
  },
  Object {
    "content": "<svg><path id=\\"icon\\" fill=\\"#7C7CF0\\"></path></svg>",
    "id": "bank",
  },
]
`;

exports[`getAllSvgIconsCount with input {"features.common.marker-icons":{"markers":{"ids":["atm","bank","cafe"],"entities":{"atm":{"id":"atm","content":"<svg><path id=\\"icon\\" fill=\\"#7C7CF0\\"></path></svg>"},"bank":{"id":"bank","content":"<svg><path id=\\"icon\\" fill=\\"#7C7CF0\\"></path></svg>"},"cafe":{"id":"cafe","content":"<svg><path id=\\"icon\\" fill=\\"#7C7CF0\\"></path></svg>"}}},"icons":{"ids":["atm","bank"],"entities":{"atm":{"id":"atm","content":"<svg><path id=\\"icon\\" fill=\\"#7C7CF0\\"></path></svg>"},"bank":{"id":"bank","content":"<svg><path id=\\"icon\\" fill=\\"#7C7CF0\\"></path></svg>"}}}}} 1`] = `2`;

exports[`getAllSvgMarkers with input {"features.common.marker-icons":{"markers":{"ids":["atm","bank","cafe"],"entities":{"atm":{"id":"atm","content":"<svg><path id=\\"icon\\" fill=\\"#7C7CF0\\"></path></svg>"},"bank":{"id":"bank","content":"<svg><path id=\\"icon\\" fill=\\"#7C7CF0\\"></path></svg>"},"cafe":{"id":"cafe","content":"<svg><path id=\\"icon\\" fill=\\"#7C7CF0\\"></path></svg>"}}},"icons":{"ids":["atm","bank"],"entities":{"atm":{"id":"atm","content":"<svg><path id=\\"icon\\" fill=\\"#7C7CF0\\"></path></svg>"},"bank":{"id":"bank","content":"<svg><path id=\\"icon\\" fill=\\"#7C7CF0\\"></path></svg>"}}}}} 1`] = `
Array [
  Object {
    "content": "<svg><path id=\\"icon\\" fill=\\"#7C7CF0\\"></path></svg>",
    "id": "atm",
  },
  Object {
    "content": "<svg><path id=\\"icon\\" fill=\\"#7C7CF0\\"></path></svg>",
    "id": "bank",
  },
  Object {
    "content": "<svg><path id=\\"icon\\" fill=\\"#7C7CF0\\"></path></svg>",
    "id": "cafe",
  },
]
`;

exports[`getAllSvgMarkersCount with input {"features.common.marker-icons":{"markers":{"ids":["atm","bank","cafe"],"entities":{"atm":{"id":"atm","content":"<svg><path id=\\"icon\\" fill=\\"#7C7CF0\\"></path></svg>"},"bank":{"id":"bank","content":"<svg><path id=\\"icon\\" fill=\\"#7C7CF0\\"></path></svg>"},"cafe":{"id":"cafe","content":"<svg><path id=\\"icon\\" fill=\\"#7C7CF0\\"></path></svg>"}}},"icons":{"ids":["atm","bank"],"entities":{"atm":{"id":"atm","content":"<svg><path id=\\"icon\\" fill=\\"#7C7CF0\\"></path></svg>"},"bank":{"id":"bank","content":"<svg><path id=\\"icon\\" fill=\\"#7C7CF0\\"></path></svg>"}}}}} 1`] = `3`;

exports[`getIcon - encoded - default with input {"features.common.marker-icons":{"markers":{"ids":["atm","bank","cafe"],"entities":{"atm":{"id":"atm","content":"<svg><path id=\\"icon\\" fill=\\"#7C7CF0\\"></path></svg>"},"bank":{"id":"bank","content":"<svg><path id=\\"icon\\" fill=\\"#7C7CF0\\"></path></svg>"},"cafe":{"id":"cafe","content":"<svg><path id=\\"icon\\" fill=\\"#7C7CF0\\"></path></svg>"}}},"icons":{"ids":["atm","bank"],"entities":{"atm":{"id":"atm","content":"<svg><path id=\\"icon\\" fill=\\"#7C7CF0\\"></path></svg>"},"bank":{"id":"bank","content":"<svg><path id=\\"icon\\" fill=\\"#7C7CF0\\"></path></svg>"}}}}} 1`] = `"data:image/svg+xml;base64,PHN2Zz48cGF0aCBpZD0iaWNvbiIgZmlsbD0iIzM5NzVENyI+PC9wYXRoPjwvc3ZnPg=="`;

exports[`getIcon - not encoded - default with input {"features.common.marker-icons":{"markers":{"ids":["atm","bank","cafe"],"entities":{"atm":{"id":"atm","content":"<svg><path id=\\"icon\\" fill=\\"#7C7CF0\\"></path></svg>"},"bank":{"id":"bank","content":"<svg><path id=\\"icon\\" fill=\\"#7C7CF0\\"></path></svg>"},"cafe":{"id":"cafe","content":"<svg><path id=\\"icon\\" fill=\\"#7C7CF0\\"></path></svg>"}}},"icons":{"ids":["atm","bank"],"entities":{"atm":{"id":"atm","content":"<svg><path id=\\"icon\\" fill=\\"#7C7CF0\\"></path></svg>"},"bank":{"id":"bank","content":"<svg><path id=\\"icon\\" fill=\\"#7C7CF0\\"></path></svg>"}}}}} 1`] = `"<svg><path id=\\"icon\\" fill=\\"#3975D7\\"></path></svg>"`;

exports[`getIcon - not encoded - highlighted with input {"features.common.marker-icons":{"markers":{"ids":["atm","bank","cafe"],"entities":{"atm":{"id":"atm","content":"<svg><path id=\\"icon\\" fill=\\"#7C7CF0\\"></path></svg>"},"bank":{"id":"bank","content":"<svg><path id=\\"icon\\" fill=\\"#7C7CF0\\"></path></svg>"},"cafe":{"id":"cafe","content":"<svg><path id=\\"icon\\" fill=\\"#7C7CF0\\"></path></svg>"}}},"icons":{"ids":["atm","bank"],"entities":{"atm":{"id":"atm","content":"<svg><path id=\\"icon\\" fill=\\"#7C7CF0\\"></path></svg>"},"bank":{"id":"bank","content":"<svg><path id=\\"icon\\" fill=\\"#7C7CF0\\"></path></svg>"}}}}} 1`] = `"<svg><path id=\\"icon\\" fill=\\"#FF2905\\"></path></svg>"`;

exports[`getMarker - encoded - default with input {"features.common.marker-icons":{"markers":{"ids":["atm","bank","cafe"],"entities":{"atm":{"id":"atm","content":"<svg><path id=\\"icon\\" fill=\\"#7C7CF0\\"></path></svg>"},"bank":{"id":"bank","content":"<svg><path id=\\"icon\\" fill=\\"#7C7CF0\\"></path></svg>"},"cafe":{"id":"cafe","content":"<svg><path id=\\"icon\\" fill=\\"#7C7CF0\\"></path></svg>"}}},"icons":{"ids":["atm","bank"],"entities":{"atm":{"id":"atm","content":"<svg><path id=\\"icon\\" fill=\\"#7C7CF0\\"></path></svg>"},"bank":{"id":"bank","content":"<svg><path id=\\"icon\\" fill=\\"#7C7CF0\\"></path></svg>"}}}}} 1`] = `"data:image/svg+xml;base64,PHN2Zz48cGF0aCBpZD0iaWNvbiIgZmlsbD0iIzM5NzVENyI+PC9wYXRoPjwvc3ZnPg=="`;

exports[`getMarker - not encoded - default with input {"features.common.marker-icons":{"markers":{"ids":["atm","bank","cafe"],"entities":{"atm":{"id":"atm","content":"<svg><path id=\\"icon\\" fill=\\"#7C7CF0\\"></path></svg>"},"bank":{"id":"bank","content":"<svg><path id=\\"icon\\" fill=\\"#7C7CF0\\"></path></svg>"},"cafe":{"id":"cafe","content":"<svg><path id=\\"icon\\" fill=\\"#7C7CF0\\"></path></svg>"}}},"icons":{"ids":["atm","bank"],"entities":{"atm":{"id":"atm","content":"<svg><path id=\\"icon\\" fill=\\"#7C7CF0\\"></path></svg>"},"bank":{"id":"bank","content":"<svg><path id=\\"icon\\" fill=\\"#7C7CF0\\"></path></svg>"}}}}} 1`] = `"<svg><path id=\\"icon\\" fill=\\"#3975D7\\"></path></svg>"`;

exports[`getMarker - not encoded - highlighted with input {"features.common.marker-icons":{"markers":{"ids":["atm","bank","cafe"],"entities":{"atm":{"id":"atm","content":"<svg><path id=\\"icon\\" fill=\\"#7C7CF0\\"></path></svg>"},"bank":{"id":"bank","content":"<svg><path id=\\"icon\\" fill=\\"#7C7CF0\\"></path></svg>"},"cafe":{"id":"cafe","content":"<svg><path id=\\"icon\\" fill=\\"#7C7CF0\\"></path></svg>"}}},"icons":{"ids":["atm","bank"],"entities":{"atm":{"id":"atm","content":"<svg><path id=\\"icon\\" fill=\\"#7C7CF0\\"></path></svg>"},"bank":{"id":"bank","content":"<svg><path id=\\"icon\\" fill=\\"#7C7CF0\\"></path></svg>"}}}}} 1`] = `"<svg><path id=\\"icon\\" fill=\\"#FF2905\\"></path></svg>"`;
