// Jest Snapshot v1, https://goo.gl/fbAQLP

exports[`MarkerIconsService should load SVG content to store on create 1`] = `Array []`;
